[2026-05-19 22:45:37.843] [q_overlay] [trace] Q_CreateInstance called
[2026-05-19 22:45:37.845] [q_overlay] [trace] Q_CreateDevice called
[2026-05-19 22:45:37.845] [q_overlay] [info] PhysicalDevice
[2026-05-19 22:45:37.845] [q_overlay] [info] Device
[2026-05-19 22:45:37.845] [q_overlay] [info] Vulkan API version: 1.1.0
[2026-05-19 22:45:37.845] [q_overlay] [trace] vkAllocateCommandBuffers
[2026-05-19 22:45:37.845] [q_overlay] [trace] device
[2026-05-19 22:45:37.845] [q_overlay] [trace] vkAllocateDescriptorSets
[2026-05-19 22:45:37.845] [q_overlay] [trace] device
[2026-05-19 22:45:37.845] [q_overlay] [trace] vkAllocateMemory
[2026-05-19 22:45:37.845] [q_overlay] [trace] device
[2026-05-19 22:45:37.845] [q_overlay] [trace] vkBeginCommandBuffer
[2026-05-19 22:45:37.845] [q_overlay] [trace] device
[2026-05-19 22:45:37.845] [q_overlay] [trace] vkBindBufferMemory
[2026-05-19 22:45:37.845] [q_overlay] [trace] device
[2026-05-19 22:45:37.845] [q_overlay] [trace] vkBindImageMemory
[2026-05-19 22:45:37.845] [q_overlay] [trace] device
[2026-05-19 22:45:37.845] [q_overlay] [trace] vkCmdBindDescriptorSets
[2026-05-19 22:45:37.845] [q_overlay] [trace] device
[2026-05-19 22:45:37.845] [q_overlay] [trace] vkCmdBindIndexBuffer
[2026-05-19 22:45:37.845] [q_overlay] [trace] device
[2026-05-19 22:45:37.845] [q_overlay] [trace] vkCmdBindPipeline
[2026-05-19 22:45:37.845] [q_overlay] [trace] device
[2026-05-19 22:45:37.845] [q_overlay] [trace] vkCmdBindVertexBuffers
[2026-05-19 22:45:37.845] [q_overlay] [trace] device
[2026-05-19 22:45:37.845] [q_overlay] [trace] vkCmdCopyBufferToImage
[2026-05-19 22:45:37.845] [q_overlay] [trace] device
[2026-05-19 22:45:37.845] [q_overlay] [trace] vkCmdDrawIndexed
[2026-05-19 22:45:37.845] [q_overlay] [trace] device
[2026-05-19 22:45:37.845] [q_overlay] [trace] vkCmdPipelineBarrier
[2026-05-19 22:45:37.845] [q_overlay] [trace] device
[2026-05-19 22:45:37.845] [q_overlay] [trace] vkCmdPushConstants
[2026-05-19 22:45:37.845] [q_overlay] [trace] device
[2026-05-19 22:45:37.845] [q_overlay] [trace] vkCmdSetScissor
[2026-05-19 22:45:37.845] [q_overlay] [trace] device
[2026-05-19 22:45:37.845] [q_overlay] [trace] vkCmdSetViewport
[2026-05-19 22:45:37.845] [q_overlay] [trace] device
[2026-05-19 22:45:37.845] [q_overlay] [trace] vkCreateBuffer
[2026-05-19 22:45:37.845] [q_overlay] [trace] device
[2026-05-19 22:45:37.845] [q_overlay] [trace] vkCreateCommandPool
[2026-05-19 22:45:37.845] [q_overlay] [trace] device
[2026-05-19 22:45:37.845] [q_overlay] [trace] vkCreateDescriptorPool
[2026-05-19 22:45:37.845] [q_overlay] [trace] device
[2026-05-19 22:45:37.845] [q_overlay] [trace] vkCreateDescriptorSetLayout
[2026-05-19 22:45:37.845] [q_overlay] [trace] device
[2026-05-19 22:45:37.845] [q_overlay] [trace] vkCreateFence
[2026-05-19 22:45:37.845] [q_overlay] [trace] device
[2026-05-19 22:45:37.845] [q_overlay] [trace] vkCreateFramebuffer
[2026-05-19 22:45:37.845] [q_overlay] [trace] device
[2026-05-19 22:45:37.845] [q_overlay] [trace] vkCreateGraphicsPipelines
[2026-05-19 22:45:37.845] [q_overlay] [trace] device
[2026-05-19 22:45:37.845] [q_overlay] [trace] vkCreateImage
[2026-05-19 22:45:37.845] [q_overlay] [trace] device
[2026-05-19 22:45:37.845] [q_overlay] [trace] vkCreateImageView
[2026-05-19 22:45:37.845] [q_overlay] [trace] device
[2026-05-19 22:45:37.845] [q_overlay] [trace] vkCreatePipelineLayout
[2026-05-19 22:45:37.845] [q_overlay] [trace] device
[2026-05-19 22:45:37.845] [q_overlay] [trace] vkCreateRenderPass
[2026-05-19 22:45:37.845] [q_overlay] [trace] device
[2026-05-19 22:45:37.845] [q_overlay] [trace] vkCreateSampler
[2026-05-19 22:45:37.845] [q_overlay] [trace] device
[2026-05-19 22:45:37.845] [q_overlay] [trace] vkCreateSemaphore
[2026-05-19 22:45:37.845] [q_overlay] [trace] device
[2026-05-19 22:45:37.845] [q_overlay] [trace] vkCreateShaderModule
[2026-05-19 22:45:37.845] [q_overlay] [trace] device
[2026-05-19 22:45:37.845] [q_overlay] [trace] vkCreateSwapchainKHR
[2026-05-19 22:45:37.845] [q_overlay] [trace] device
[2026-05-19 22:45:37.845] [q_overlay] [trace] vkDestroyBuffer
[2026-05-19 22:45:37.845] [q_overlay] [trace] device
[2026-05-19 22:45:37.845] [q_overlay] [trace] vkDestroyCommandPool
[2026-05-19 22:45:37.845] [q_overlay] [trace] device
[2026-05-19 22:45:37.845] [q_overlay] [trace] vkDestroyDescriptorPool
[2026-05-19 22:45:37.845] [q_overlay] [trace] device
[2026-05-19 22:45:37.845] [q_overlay] [trace] vkDestroyDescriptorSetLayout
[2026-05-19 22:45:37.845] [q_overlay] [trace] device
[2026-05-19 22:45:37.845] [q_overlay] [trace] vkDestroyFence
[2026-05-19 22:45:37.845] [q_overlay] [trace] device
[2026-05-19 22:45:37.845] [q_overlay] [trace] vkDestroyFramebuffer
[2026-05-19 22:45:37.845] [q_overlay] [trace] device
[2026-05-19 22:45:37.845] [q_overlay] [trace] vkDestroyImage
[2026-05-19 22:45:37.845] [q_overlay] [trace] device
[2026-05-19 22:45:37.845] [q_overlay] [trace] vkDestroyImageView
[2026-05-19 22:45:37.845] [q_overlay] [trace] device
[2026-05-19 22:45:37.845] [q_overlay] [trace] vkDestroyPipeline
[2026-05-19 22:45:37.845] [q_overlay] [trace] device
[2026-05-19 22:45:37.845] [q_overlay] [trace] vkDestroyPipelineLayout
[2026-05-19 22:45:37.845] [q_overlay] [trace] device
[2026-05-19 22:45:37.845] [q_overlay] [trace] vkDestroyRenderPass
[2026-05-19 22:45:37.845] [q_overlay] [trace] device
[2026-05-19 22:45:37.845] [q_overlay] [trace] vkDestroySampler
[2026-05-19 22:45:37.845] [q_overlay] [trace] device
[2026-05-19 22:45:37.845] [q_overlay] [trace] vkDestroySemaphore
[2026-05-19 22:45:37.845] [q_overlay] [trace] device
[2026-05-19 22:45:37.845] [q_overlay] [trace] vkDestroyShaderModule
[2026-05-19 22:45:37.845] [q_overlay] [trace] device
[2026-05-19 22:45:37.845] [q_overlay] [trace] vkDestroySurfaceKHR
[2026-05-19 22:45:37.845] [q_overlay] [trace] instance
[2026-05-19 22:45:37.845] [q_overlay] [trace] vkDestroySwapchainKHR
[2026-05-19 22:45:37.845] [q_overlay] [trace] device
[2026-05-19 22:45:37.845] [q_overlay] [trace] vkDeviceWaitIdle
[2026-05-19 22:45:37.845] [q_overlay] [trace] device
[2026-05-19 22:45:37.845] [q_overlay] [trace] vkEnumeratePhysicalDevices
[2026-05-19 22:45:37.845] [q_overlay] [trace] instance
[2026-05-19 22:45:37.845] [q_overlay] [trace] vkEndCommandBuffer
[2026-05-19 22:45:37.845] [q_overlay] [trace] device
[2026-05-19 22:45:37.845] [q_overlay] [trace] vkFlushMappedMemoryRanges
[2026-05-19 22:45:37.845] [q_overlay] [trace] device
[2026-05-19 22:45:37.845] [q_overlay] [trace] vkFreeCommandBuffers
[2026-05-19 22:45:37.845] [q_overlay] [trace] device
[2026-05-19 22:45:37.845] [q_overlay] [trace] vkFreeDescriptorSets
[2026-05-19 22:45:37.845] [q_overlay] [trace] device
[2026-05-19 22:45:37.845] [q_overlay] [trace] vkFreeMemory
[2026-05-19 22:45:37.845] [q_overlay] [trace] device
[2026-05-19 22:45:37.845] [q_overlay] [trace] vkGetBufferMemoryRequirements
[2026-05-19 22:45:37.845] [q_overlay] [trace] device
[2026-05-19 22:45:37.845] [q_overlay] [trace] vkGetDeviceQueue
[2026-05-19 22:45:37.845] [q_overlay] [trace] device
[2026-05-19 22:45:37.845] [q_overlay] [trace] vkGetImageMemoryRequirements
[2026-05-19 22:45:37.845] [q_overlay] [trace] device
[2026-05-19 22:45:37.845] [q_overlay] [trace] vkGetPhysicalDeviceProperties
[2026-05-19 22:45:37.845] [q_overlay] [trace] instance
[2026-05-19 22:45:37.845] [q_overlay] [trace] vkGetPhysicalDeviceMemoryProperties
[2026-05-19 22:45:37.845] [q_overlay] [trace] instance
[2026-05-19 22:45:37.845] [q_overlay] [trace] vkGetPhysicalDeviceQueueFamilyProperties
[2026-05-19 22:45:37.845] [q_overlay] [trace] instance
[2026-05-19 22:45:37.845] [q_overlay] [trace] vkGetPhysicalDeviceSurfaceCapabilitiesKHR
[2026-05-19 22:45:37.845] [q_overlay] [trace] instance
[2026-05-19 22:45:37.845] [q_overlay] [trace] vkGetPhysicalDeviceSurfaceFormatsKHR
[2026-05-19 22:45:37.845] [q_overlay] [trace] instance
[2026-05-19 22:45:37.845] [q_overlay] [trace] vkGetPhysicalDeviceSurfacePresentModesKHR
[2026-05-19 22:45:37.845] [q_overlay] [trace] instance
[2026-05-19 22:45:37.845] [q_overlay] [trace] vkGetSwapchainImagesKHR
[2026-05-19 22:45:37.845] [q_overlay] [trace] device
[2026-05-19 22:45:37.845] [q_overlay] [trace] vkMapMemory
[2026-05-19 22:45:37.845] [q_overlay] [trace] device
[2026-05-19 22:45:37.845] [q_overlay] [trace] vkQueueSubmit
[2026-05-19 22:45:37.845] [q_overlay] [trace] device
[2026-05-19 22:45:37.845] [q_overlay] [trace] vkQueueWaitIdle
[2026-05-19 22:45:37.845] [q_overlay] [trace] device
[2026-05-19 22:45:37.845] [q_overlay] [trace] vkResetCommandPool
[2026-05-19 22:45:37.845] [q_overlay] [trace] device
[2026-05-19 22:45:37.845] [q_overlay] [trace] vkResetFences
[2026-05-19 22:45:37.845] [q_overlay] [trace] device
[2026-05-19 22:45:37.845] [q_overlay] [trace] vkUnmapMemory
[2026-05-19 22:45:37.845] [q_overlay] [trace] device
[2026-05-19 22:45:37.845] [q_overlay] [trace] vkUpdateDescriptorSets
[2026-05-19 22:45:37.845] [q_overlay] [trace] device
[2026-05-19 22:45:37.845] [q_overlay] [trace] vkWaitForFences
[2026-05-19 22:45:37.845] [q_overlay] [trace] device
[2026-05-19 22:45:37.845] [q_overlay] [trace] vkCmdBeginRendering
[2026-05-19 22:45:37.845] [q_overlay] [trace] vkCmdEndRendering
[2026-05-19 22:45:37.845] [q_overlay] [trace] vkCmdBeginRenderingKHR
[2026-05-19 22:45:37.845] [q_overlay] [trace] vkCmdEndRenderingKHR
[2026-05-19 22:45:37.845] [q_overlay] [info] ImGui_ImplVulkan_LoadFunctions result: true
[2026-05-19 22:45:37.846] [q_overlay] [debug] Q_CreateRenderPass
[2026-05-19 22:45:37.846] [q_overlay] [info] PipelineInfoMain.RenderPass
[2026-05-19 22:45:37.847] [q_overlay] [debug] Q_CreateSwapchain
[2026-05-19 22:45:37.847] [q_overlay] [info] MinImageCount: 3
[2026-05-19 22:45:37.847] [q_overlay] [info] ImageCount: 3
[2026-05-19 22:45:37.847] [q_overlay] [info] Calling ImGui_ImplVulkan_Init RenderPass: 55b487b87ca0
[2026-05-19 22:45:37.847] [q_overlay] [info] Calling ImGui_ImplVulkan_Init...
